[1/7] Building C object modules/CMakeFiles/modules.dir/MOTOR/DJI/motor_dji.c.obj
FAILED: [code=1] modules/CMakeFiles/modules.dir/MOTOR/DJI/motor_dji.c.obj 
C:\msys64\mingw64\bin\arm-none-eabi-gcc.exe -DDEBUG -DSTM32F103xB -DTX_INCLUDE_USER_DEFINE_FILE -DUSE_HAL_DRIVER -IE:/STM32project/rm_2027/mas_embedded_threadx-f103/modules -IE:/STM32project/rm_2027/mas_embedded_threadx-f103/modules/algorithm -IE:/STM32project/rm_2027/mas_embedded_threadx-f103/build/f103_c8/Debug/generated -IE:/STM32project/rm_2027/mas_embedded_threadx-f103/modules/OFFLINE -IE:/STM32project/rm_2027/mas_embedded_threadx-f103/modules/REMOTE -IE:/STM32project/rm_2027/mas_embedded_threadx-f103/modules/REMOTE/SBUS -IE:/STM32project/rm_2027/mas_embedded_threadx-f103/modules/REMOTE/DT7 -IE:/STM32project/rm_2027/mas_embedded_threadx-f103/modules/REMOTE/VT02 -IE:/STM32project/rm_2027/mas_embedded_threadx-f103/modules/REMOTE/VT03 -IE:/STM32project/rm_2027/mas_embedded_threadx-f103/modules/MOTOR -IE:/STM32project/rm_2027/mas_embedded_threadx-f103/modules/MOTOR/DJI -IE:/STM32project/rm_2027/mas_embedded_threadx-f103/modules/MOTOR/DAMIAO -IE:/STM32project/rm_2027/mas_embedded_threadx-f103/modules/MOTOR/SERVO -IE:/STM32project/rm_2027/mas_embedded_threadx-f103/modules/MOTOR/ZDT_STEPMOTOR -IE:/STM32project/rm_2027/mas_embedded_threadx-f103/modules/MOTOR/POWER_CONTROL -IE:/STM32project/rm_2027/mas_embedded_threadx-f103/board/f103_c8/cmake/stm32cubemx/../../Core/Inc -IE:/STM32project/rm_2027/mas_embedded_threadx-f103/board/f103_c8/cmake/stm32cubemx/../../Drivers/STM32F1xx_HAL_Driver/Inc -IE:/STM32project/rm_2027/mas_embedded_threadx-f103/board/f103_c8/cmake/stm32cubemx/../../Drivers/STM32F1xx_HAL_Driver/Inc/Legacy -IE:/STM32project/rm_2027/mas_embedded_threadx-f103/board/f103_c8/cmake/stm32cubemx/../../Drivers/CMSIS/Device/ST/STM32F1xx/Include -IE:/STM32project/rm_2027/mas_embedded_threadx-f103/board/f103_c8/cmake/stm32cubemx/../../Drivers/CMSIS/Include -IE:/STM32project/rm_2027/mas_embedded_threadx-f103/threadx/common/inc -IE:/STM32project/rm_2027/mas_embedded_threadx-f103/threadx/ports/cortex_m3/inc -IE:/STM32project/rm_2027/mas_embedded_threadx-f103/build/f103_c8/Debug/threadx/custom_inc -IE:/STM32project/rm_2027/mas_embedded_threadx-f103/board/bsp -IE:/STM32project/rm_2027/mas_embedded_threadx-f103/board/bsp/DWT -IE:/STM32project/rm_2027/mas_embedded_threadx-f103/board/bsp/UART -IE:/STM32project/rm_2027/mas_embedded_threadx-f103/board/bsp/SPI -IE:/STM32project/rm_2027/mas_embedded_threadx-f103/board/bsp/I2C -IE:/STM32project/rm_2027/mas_embedded_threadx-f103/board/bsp/FLASH -IE:/STM32project/rm_2027/mas_embedded_threadx-f103/board/bsp/GPIO -IE:/STM32project/rm_2027/mas_embedded_threadx-f103/board/bsp/PWM -IE:/STM32project/rm_2027/mas_embedded_threadx-f103/board/bsp/LED -IE:/STM32project/rm_2027/mas_embedded_threadx-f103/board/bsp/BEEP -IE:/STM32project/rm_2027/mas_embedded_threadx-f103/board/bsp/CAN -IE:/STM32project/rm_2027/mas_embedded_threadx-f103/utils -IE:/STM32project/rm_2027/mas_embedded_threadx-f103/utils/ulog -IE:/STM32project/rm_2027/mas_embedded_threadx-f103/utils/kfifo -mcpu=cortex-m3  -Wall -fdata-sections -ffunction-sections -fstack-usage -mcpu=cortex-m3  -Wall -fdata-sections -ffunction-sections -fstack-usage -O0 -g3 -std=gnu11 -O2 -include module_config.h -MD -MT modules/CMakeFiles/modules.dir/MOTOR/DJI/motor_dji.c.obj -MF modules\CMakeFiles\modules.dir\MOTOR\DJI\motor_dji.c.obj.d -o modules/CMakeFiles/modules.dir/MOTOR/DJI/motor_dji.c.obj -c E:/STM32project/rm_2027/mas_embedded_threadx-f103/modules/MOTOR/DJI/motor_dji.c
[2/7] Building C object apps/CMakeFiles/app.dir/f103/single_board/chassis_func/chassis_func.c.obj
FAILED: [code=1] apps/CMakeFiles/app.dir/f103/single_board/chassis_func/chassis_func.c.obj 
C:\msys64\mingw64\bin\arm-none-eabi-gcc.exe -DDEBUG -DSTM32F103xB -DTX_INCLUDE_USER_DEFINE_FILE -DUSE_HAL_DRIVER -IE:/STM32project/rm_2027/mas_embedded_threadx-f103/apps -IE:/STM32project/rm_2027/mas_embedded_threadx-f103/apps/f103 -IE:/STM32project/rm_2027/mas_embedded_threadx-f103/apps/f103/single_board -IE:/STM32project/rm_2027/mas_embedded_threadx-f103/apps/f103/single_board/chassis_func -IE:/STM32project/rm_2027/mas_embedded_threadx-f103/apps/f103/single_board/gimbal_func -IE:/STM32project/rm_2027/mas_embedded_threadx-f103/apps/f103/single_board/robot_func -IE:/STM32project/rm_2027/mas_embedded_threadx-f103/apps/f103/single_board/shoot_func -IE:/STM32project/rm_2027/mas_embedded_threadx-f103/board/f103_c8/cmake/stm32cubemx/../../Core/Inc -IE:/STM32project/rm_2027/mas_embedded_threadx-f103/board/f103_c8/cmake/stm32cubemx/../../Drivers/STM32F1xx_HAL_Driver/Inc -IE:/STM32project/rm_2027/mas_embedded_threadx-f103/board/f103_c8/cmake/stm32cubemx/../../Drivers/STM32F1xx_HAL_Driver/Inc/Legacy -IE:/STM32project/rm_2027/mas_embedded_threadx-f103/board/f103_c8/cmake/stm32cubemx/../../Drivers/CMSIS/Device/ST/STM32F1xx/Include -IE:/STM32project/rm_2027/mas_embedded_threadx-f103/board/f103_c8/cmake/stm32cubemx/../../Drivers/CMSIS/Include -IE:/STM32project/rm_2027/mas_embedded_threadx-f103/threadx/common/inc -IE:/STM32project/rm_2027/mas_embedded_threadx-f103/threadx/ports/cortex_m3/inc -IE:/STM32project/rm_2027/mas_embedded_threadx-f103/build/f103_c8/Debug/threadx/custom_inc -IE:/STM32project/rm_2027/mas_embedded_threadx-f103/utils -IE:/STM32project/rm_2027/mas_embedded_threadx-f103/utils/ulog -IE:/STM32project/rm_2027/mas_embedded_threadx-f103/utils/kfifo -IE:/STM32project/rm_2027/mas_embedded_threadx-f103/board/bsp -IE:/STM32project/rm_2027/mas_embedded_threadx-f103/board/bsp/DWT -IE:/STM32project/rm_2027/mas_embedded_threadx-f103/board/bsp/UART -IE:/STM32project/rm_2027/mas_embedded_threadx-f103/board/bsp/SPI -IE:/STM32project/rm_2027/mas_embedded_threadx-f103/board/bsp/I2C -IE:/STM32project/rm_2027/mas_embedded_threadx-f103/board/bsp/FLASH -IE:/STM32project/rm_2027/mas_embedded_threadx-f103/board/bsp/GPIO -IE:/STM32project/rm_2027/mas_embedded_threadx-f103/board/bsp/PWM -IE:/STM32project/rm_2027/mas_embedded_threadx-f103/board/bsp/LED -IE:/STM32project/rm_2027/mas_embedded_threadx-f103/board/bsp/BEEP -IE:/STM32project/rm_2027/mas_embedded_threadx-f103/board/bsp/CAN -IE:/STM32project/rm_2027/mas_embedded_threadx-f103/modules -IE:/STM32project/rm_2027/mas_embedded_threadx-f103/modules/algorithm -IE:/STM32project/rm_2027/mas_embedded_threadx-f103/build/f103_c8/Debug/generated -IE:/STM32project/rm_2027/mas_embedded_threadx-f103/modules/OFFLINE -IE:/STM32project/rm_2027/mas_embedded_threadx-f103/modules/REMOTE -IE:/STM32project/rm_2027/mas_embedded_threadx-f103/modules/REMOTE/SBUS -IE:/STM32project/rm_2027/mas_embedded_threadx-f103/modules/REMOTE/DT7 -IE:/STM32project/rm_2027/mas_embedded_threadx-f103/modules/REMOTE/VT02 -IE:/STM32project/rm_2027/mas_embedded_threadx-f103/modules/REMOTE/VT03 -IE:/STM32project/rm_2027/mas_embedded_threadx-f103/modules/MOTOR -IE:/STM32project/rm_2027/mas_embedded_threadx-f103/modules/MOTOR/DJI -IE:/STM32project/rm_2027/mas_embedded_threadx-f103/modules/MOTOR/DAMIAO -IE:/STM32project/rm_2027/mas_embedded_threadx-f103/modules/MOTOR/SERVO -IE:/STM32project/rm_2027/mas_embedded_threadx-f103/modules/MOTOR/ZDT_STEPMOTOR -IE:/STM32project/rm_2027/mas_embedded_threadx-f103/modules/MOTOR/POWER_CONTROL -mcpu=cortex-m3  -Wall -fdata-sections -ffunction-sections -fstack-usage -mcpu=cortex-m3  -Wall -fdata-sections -ffunction-sections -fstack-usage -O0 -g3 -std=gnu11 -O2 -include module_config.h -MD -MT apps/CMakeFiles/app.dir/f103/single_board/chassis_func/chassis_func.c.obj -MF apps\CMakeFiles\app.dir\f103\single_board\chassis_func\chassis_func.c.obj.d -o apps/CMakeFiles/app.dir/f103/single_board/chassis_func/chassis_func.c.obj -c E:/STM32project/rm_2027/mas_embedded_threadx-f103/apps/f103/single_board/chassis_func/chassis_func.c
[3/7] Building C object apps/CMakeFiles/app.dir/f103/single_board/gimbal_func/gimbal_func.c.obj
FAILED: [code=1] apps/CMakeFiles/app.dir/f103/single_board/gimbal_func/gimbal_func.c.obj 
C:\msys64\mingw64\bin\arm-none-eabi-gcc.exe -DDEBUG -DSTM32F103xB -DTX_INCLUDE_USER_DEFINE_FILE -DUSE_HAL_DRIVER -IE:/STM32project/rm_2027/mas_embedded_threadx-f103/apps -IE:/STM32project/rm_2027/mas_embedded_threadx-f103/apps/f103 -IE:/STM32project/rm_2027/mas_embedded_threadx-f103/apps/f103/single_board -IE:/STM32project/rm_2027/mas_embedded_threadx-f103/apps/f103/single_board/chassis_func -IE:/STM32project/rm_2027/mas_embedded_threadx-f103/apps/f103/single_board/gimbal_func -IE:/STM32project/rm_2027/mas_embedded_threadx-f103/apps/f103/single_board/robot_func -IE:/STM32project/rm_2027/mas_embedded_threadx-f103/apps/f103/single_board/shoot_func -IE:/STM32project/rm_2027/mas_embedded_threadx-f103/board/f103_c8/cmake/stm32cubemx/../../Core/Inc -IE:/STM32project/rm_2027/mas_embedded_threadx-f103/board/f103_c8/cmake/stm32cubemx/../../Drivers/STM32F1xx_HAL_Driver/Inc -IE:/STM32project/rm_2027/mas_embedded_threadx-f103/board/f103_c8/cmake/stm32cubemx/../../Drivers/STM32F1xx_HAL_Driver/Inc/Legacy -IE:/STM32project/rm_2027/mas_embedded_threadx-f103/board/f103_c8/cmake/stm32cubemx/../../Drivers/CMSIS/Device/ST/STM32F1xx/Include -IE:/STM32project/rm_2027/mas_embedded_threadx-f103/board/f103_c8/cmake/stm32cubemx/../../Drivers/CMSIS/Include -IE:/STM32project/rm_2027/mas_embedded_threadx-f103/threadx/common/inc -IE:/STM32project/rm_2027/mas_embedded_threadx-f103/threadx/ports/cortex_m3/inc -IE:/STM32project/rm_2027/mas_embedded_threadx-f103/build/f103_c8/Debug/threadx/custom_inc -IE:/STM32project/rm_2027/mas_embedded_threadx-f103/utils -IE:/STM32project/rm_2027/mas_embedded_threadx-f103/utils/ulog -IE:/STM32project/rm_2027/mas_embedded_threadx-f103/utils/kfifo -IE:/STM32project/rm_2027/mas_embedded_threadx-f103/board/bsp -IE:/STM32project/rm_2027/mas_embedded_threadx-f103/board/bsp/DWT -IE:/STM32project/rm_2027/mas_embedded_threadx-f103/board/bsp/UART -IE:/STM32project/rm_2027/mas_embedded_threadx-f103/board/bsp/SPI -IE:/STM32project/rm_2027/mas_embedded_threadx-f103/board/bsp/I2C -IE:/STM32project/rm_2027/mas_embedded_threadx-f103/board/bsp/FLASH -IE:/STM32project/rm_2027/mas_embedded_threadx-f103/board/bsp/GPIO -IE:/STM32project/rm_2027/mas_embedded_threadx-f103/board/bsp/PWM -IE:/STM32project/rm_2027/mas_embedded_threadx-f103/board/bsp/LED -IE:/STM32project/rm_2027/mas_embedded_threadx-f103/board/bsp/BEEP -IE:/STM32project/rm_2027/mas_embedded_threadx-f103/board/bsp/CAN -IE:/STM32project/rm_2027/mas_embedded_threadx-f103/modules -IE:/STM32project/rm_2027/mas_embedded_threadx-f103/modules/algorithm -IE:/STM32project/rm_2027/mas_embedded_threadx-f103/build/f103_c8/Debug/generated -IE:/STM32project/rm_2027/mas_embedded_threadx-f103/modules/OFFLINE -IE:/STM32project/rm_2027/mas_embedded_threadx-f103/modules/REMOTE -IE:/STM32project/rm_2027/mas_embedded_threadx-f103/modules/REMOTE/SBUS -IE:/STM32project/rm_2027/mas_embedded_threadx-f103/modules/REMOTE/DT7 -IE:/STM32project/rm_2027/mas_embedded_threadx-f103/modules/REMOTE/VT02 -IE:/STM32project/rm_2027/mas_embedded_threadx-f103/modules/REMOTE/VT03 -IE:/STM32project/rm_2027/mas_embedded_threadx-f103/modules/MOTOR -IE:/STM32project/rm_2027/mas_embedded_threadx-f103/modules/MOTOR/DJI -IE:/STM32project/rm_2027/mas_embedded_threadx-f103/modules/MOTOR/DAMIAO -IE:/STM32project/rm_2027/mas_embedded_threadx-f103/modules/MOTOR/SERVO -IE:/STM32project/rm_2027/mas_embedded_threadx-f103/modules/MOTOR/ZDT_STEPMOTOR -IE:/STM32project/rm_2027/mas_embedded_threadx-f103/modules/MOTOR/POWER_CONTROL -mcpu=cortex-m3  -Wall -fdata-sections -ffunction-sections -fstack-usage -mcpu=cortex-m3  -Wall -fdata-sections -ffunction-sections -fstack-usage -O0 -g3 -std=gnu11 -O2 -include module_config.h -MD -MT apps/CMakeFiles/app.dir/f103/single_board/gimbal_func/gimbal_func.c.obj -MF apps\CMakeFiles\app.dir\f103\single_board\gimbal_func\gimbal_func.c.obj.d -o apps/CMakeFiles/app.dir/f103/single_board/gimbal_func/gimbal_func.c.obj -c E:/STM32project/rm_2027/mas_embedded_threadx-f103/apps/f103/single_board/gimbal_func/gimbal_func.c
[4/7] Building C object apps/CMakeFiles/app.dir/f103/single_board/robot_control.c.obj
FAILED: [code=1] apps/CMakeFiles/app.dir/f103/single_board/robot_control.c.obj 
C:\msys64\mingw64\bin\arm-none-eabi-gcc.exe -DDEBUG -DSTM32F103xB -DTX_INCLUDE_USER_DEFINE_FILE -DUSE_HAL_DRIVER -IE:/STM32project/rm_2027/mas_embedded_threadx-f103/apps -IE:/STM32project/rm_2027/mas_embedded_threadx-f103/apps/f103 -IE:/STM32project/rm_2027/mas_embedded_threadx-f103/apps/f103/single_board -IE:/STM32project/rm_2027/mas_embedded_threadx-f103/apps/f103/single_board/chassis_func -IE:/STM32project/rm_2027/mas_embedded_threadx-f103/apps/f103/single_board/gimbal_func -IE:/STM32project/rm_2027/mas_embedded_threadx-f103/apps/f103/single_board/robot_func -IE:/STM32project/rm_2027/mas_embedded_threadx-f103/apps/f103/single_board/shoot_func -IE:/STM32project/rm_2027/mas_embedded_threadx-f103/board/f103_c8/cmake/stm32cubemx/../../Core/Inc -IE:/STM32project/rm_2027/mas_embedded_threadx-f103/board/f103_c8/cmake/stm32cubemx/../../Drivers/STM32F1xx_HAL_Driver/Inc -IE:/STM32project/rm_2027/mas_embedded_threadx-f103/board/f103_c8/cmake/stm32cubemx/../../Drivers/STM32F1xx_HAL_Driver/Inc/Legacy -IE:/STM32project/rm_2027/mas_embedded_threadx-f103/board/f103_c8/cmake/stm32cubemx/../../Drivers/CMSIS/Device/ST/STM32F1xx/Include -IE:/STM32project/rm_2027/mas_embedded_threadx-f103/board/f103_c8/cmake/stm32cubemx/../../Drivers/CMSIS/Include -IE:/STM32project/rm_2027/mas_embedded_threadx-f103/threadx/common/inc -IE:/STM32project/rm_2027/mas_embedded_threadx-f103/threadx/ports/cortex_m3/inc -IE:/STM32project/rm_2027/mas_embedded_threadx-f103/build/f103_c8/Debug/threadx/custom_inc -IE:/STM32project/rm_2027/mas_embedded_threadx-f103/utils -IE:/STM32project/rm_2027/mas_embedded_threadx-f103/utils/ulog -IE:/STM32project/rm_2027/mas_embedded_threadx-f103/utils/kfifo -IE:/STM32project/rm_2027/mas_embedded_threadx-f103/board/bsp -IE:/STM32project/rm_2027/mas_embedded_threadx-f103/board/bsp/DWT -IE:/STM32project/rm_2027/mas_embedded_threadx-f103/board/bsp/UART -IE:/STM32project/rm_2027/mas_embedded_threadx-f103/board/bsp/SPI -IE:/STM32project/rm_2027/mas_embedded_threadx-f103/board/bsp/I2C -IE:/STM32project/rm_2027/mas_embedded_threadx-f103/board/bsp/FLASH -IE:/STM32project/rm_2027/mas_embedded_threadx-f103/board/bsp/GPIO -IE:/STM32project/rm_2027/mas_embedded_threadx-f103/board/bsp/PWM -IE:/STM32project/rm_2027/mas_embedded_threadx-f103/board/bsp/LED -IE:/STM32project/rm_2027/mas_embedded_threadx-f103/board/bsp/BEEP -IE:/STM32project/rm_2027/mas_embedded_threadx-f103/board/bsp/CAN -IE:/STM32project/rm_2027/mas_embedded_threadx-f103/modules -IE:/STM32project/rm_2027/mas_embedded_threadx-f103/modules/algorithm -IE:/STM32project/rm_2027/mas_embedded_threadx-f103/build/f103_c8/Debug/generated -IE:/STM32project/rm_2027/mas_embedded_threadx-f103/modules/OFFLINE -IE:/STM32project/rm_2027/mas_embedded_threadx-f103/modules/REMOTE -IE:/STM32project/rm_2027/mas_embedded_threadx-f103/modules/REMOTE/SBUS -IE:/STM32project/rm_2027/mas_embedded_threadx-f103/modules/REMOTE/DT7 -IE:/STM32project/rm_2027/mas_embedded_threadx-f103/modules/REMOTE/VT02 -IE:/STM32project/rm_2027/mas_embedded_threadx-f103/modules/REMOTE/VT03 -IE:/STM32project/rm_2027/mas_embedded_threadx-f103/modules/MOTOR -IE:/STM32project/rm_2027/mas_embedded_threadx-f103/modules/MOTOR/DJI -IE:/STM32project/rm_2027/mas_embedded_threadx-f103/modules/MOTOR/DAMIAO -IE:/STM32project/rm_2027/mas_embedded_threadx-f103/modules/MOTOR/SERVO -IE:/STM32project/rm_2027/mas_embedded_threadx-f103/modules/MOTOR/ZDT_STEPMOTOR -IE:/STM32project/rm_2027/mas_embedded_threadx-f103/modules/MOTOR/POWER_CONTROL -mcpu=cortex-m3  -Wall -fdata-sections -ffunction-sections -fstack-usage -mcpu=cortex-m3  -Wall -fdata-sections -ffunction-sections -fstack-usage -O0 -g3 -std=gnu11 -O2 -include module_config.h -MD -MT apps/CMakeFiles/app.dir/f103/single_board/robot_control.c.obj -MF apps\CMakeFiles\app.dir\f103\single_board\robot_control.c.obj.d -o apps/CMakeFiles/app.dir/f103/single_board/robot_control.c.obj -c E:/STM32project/rm_2027/mas_embedded_threadx-f103/apps/f103/single_board/robot_control.c
ninja: build stopped: subcommand failed.
